// Jest Snapshot v1, https://jestjs.io/docs/snapshot-testing

exports[`collectionCallback should match snapshot for collection result 1`] = `
{
  "records": [
    {
      "data": {
        "card": [
          {
            "category": "css",
            "description": "PatternFly CSS classes and styling documentation for Card (v1).",
            "displayName": "Card",
            "id": "api::v1::components::card::css",
            "path": "https://main.patternfly-org.pages.dev/api/v1/components/Card/css",
            "pathSlug": "card",
            "section": "components",
            "source": "api",
            "version": "v1",
          },
        ],
      },
      "id": "api::v1::components::card::css",
      "sourceId": "https://main.patternfly-org.pages.dev/api/v1/components/Card/css",
      "sourceType": "api",
    },
  ],
}
`;
