// Jest Snapshot v1, https://jestjs.io/docs/snapshot-testing

exports[`docsChart should return specific properties 1`] = `
{
  "CHART_DOCS": [
    "[@patternfly/Charts - Colors for Charts](https://raw.githubusercontent.com/patternfly/patternfly-react/refs/heads/main/packages/react-charts/src/victory/components/ChartTheme/examples/ChartTheme.md)",
    "[@patternfly/Charts - Target Chart](https://raw.githubusercontent.com/patternfly/patternfly-react/refs/heads/main/packages/react-charts/src/victory/components/ChartArea/examples/ChartArea.md)",
    "[@patternfly/Charts - Bar Chart](https://raw.githubusercontent.com/patternfly/patternfly-react/refs/heads/main/packages/react-charts/src/victory/components/ChartBar/examples/ChartBar.md)",
    "[@patternfly/Charts - Box Plot Chart](https://raw.githubusercontent.com/patternfly/patternfly-react/refs/heads/main/packages/react-charts/src/victory/components/ChartBoxPlot/examples/ChartBoxPlot.md)",
    "[@patternfly/Charts - Bullet Chart](https://raw.githubusercontent.com/patternfly/patternfly-react/refs/heads/main/packages/react-charts/src/victory/components/ChartBullet/examples/ChartBullet.md)",
    "[@patternfly/Charts - Donut Chart](https://raw.githubusercontent.com/patternfly/patternfly-react/refs/heads/main/packages/react-charts/src/victory/components/ChartDonut/examples/ChartDonut.md)",
    "[@patternfly/Charts - Donut Utilization Chart](https://raw.githubusercontent.com/patternfly/patternfly-react/refs/heads/main/packages/react-charts/src/victory/components/ChartDonutUtilization/examples/ChartDonutUtilization.md)",
    "[@patternfly/Charts - Line Chart](https://raw.githubusercontent.com/patternfly/patternfly-react/refs/heads/main/packages/react-charts/src/victory/components/ChartLine/examples/ChartLine.md)",
    "[@patternfly/Charts - Pie Chart](https://raw.githubusercontent.com/patternfly/patternfly-react/refs/heads/main/packages/react-charts/src/victory/components/ChartPie/examples/ChartPie.md)",
    "[@patternfly/Charts - Scatter Chart](https://raw.githubusercontent.com/patternfly/patternfly-react/refs/heads/main/packages/react-charts/src/victory/components/ChartScatter/examples/ChartScatter.md)",
    "[@patternfly/Charts - Sparkline Chart](https://raw.githubusercontent.com/patternfly/patternfly-react/refs/heads/main/packages/react-charts/src/victory/components/Sparkline/examples/sparkline.md)",
    "[@patternfly/Charts - Stack Chart](https://raw.githubusercontent.com/patternfly/patternfly-react/refs/heads/main/packages/react-charts/src/victory/components/ChartStack/examples/ChartStack.md)",
    "[@patternfly/Charts - Threshold Chart](https://raw.githubusercontent.com/patternfly/patternfly-react/refs/heads/main/packages/react-charts/src/victory/components/ChartThreshold/examples/ChartThreshold.md)",
    "[@patternfly/Charts - Legend](https://raw.githubusercontent.com/patternfly/patternfly-react/refs/heads/main/packages/react-charts/src/victory/components/ChartLegend/examples/ChartLegend.md)",
    "[@patternfly/Charts - Tooltip](https://raw.githubusercontent.com/patternfly/patternfly-react/refs/heads/main/packages/react-charts/src/victory/components/ChartTooltip/examples/ChartTooltip.md)",
  ],
}
`;
