// Jest Snapshot v1, https://jestjs.io/docs/snapshot-testing

exports[`parseCliOptions should attempt to parse args with --http and invalid --port 1`] = `
{
  "experimentalOptions": [],
  "options": {
    "http": {
      "port": 0,
    },
    "isHttp": true,
    "logging": {
      "level": "info",
      "logger": "@patternfly/patternfly-mcp",
      "protocol": false,
      "stderr": false,
      "transport": "stdio",
    },
    "modeOptions": {
      "cli": {},
      "programmatic": {},
      "test": {},
    },
    "pluginIsolation": undefined,
    "toolModules": [],
  },
}
`;
