// Jest Snapshot v1, https://jestjs.io/docs/snapshot-testing

exports[`generateHash should minimally generate a consistent hash: hash, object and primitive values 1`] = `
{
  "valueArray": "c259998330",
  "valueArrayConfirmSort": true,
  "valueArraySort": "c2035003770",
  "valueBoolFalse": "c-1246907498",
  "valueBoolTrue": "c2039105809",
  "valueFloat": "c-1391273944",
  "valueInt": "c-473020316",
  "valueNull": "c1962518561",
  "valueObject": "c-2072832499",
  "valueObjectConfirm": true,
  "valueObjectConfirmSort": true,
  "valueSet": "c-1025593733",
  "valueSetConfirmSort": true,
  "valueSymbol": "c1230539041",
  "valueSymbolUndefined": false,
  "valueUndefined": "c-1699714469",
}
`;
