// Jest Snapshot v1, https://jestjs.io/docs/snapshot-testing

exports[`server.tools should return specific properties 1`] = `
{
  "composeTools": [Function],
  "getBuiltinTools": [Function],
  "logWarningsErrors": [Function],
  "normalizeToolModules": [Function],
  "sendToolsHostShutdown": [Function],
}
`;
