// Jest Snapshot v1, https://jestjs.io/docs/snapshot-testing

exports[`server.toolsHost should return specific properties 1`] = `
{
  "requestFallback": [Function],
  "requestHello": [Function],
  "requestInvoke": [Function],
  "requestLoad": [Function],
  "requestManifestGet": [Function],
  "requestShutdown": [Function],
  "setHandlers": [Function],
}
`;
