// Jest Snapshot v1, https://jestjs.io/docs/snapshot-testing

exports[`componentSchemasTool should have a consistent return structure: structure 1`] = `
[
  "componentSchemas",
  {
    "description": "Get JSON Schema for a PatternFly React component. Returns prop definitions, types, and validation rules. Use this for structured component metadata, not documentation.",
    "inputSchema": {
      "componentName": ZodString {
        "and": [Function],
        "array": [Function],
        "base64": [Function],
        "base64url": [Function],
        "brand": [Function],
        "catch": [Function],
        "check": [Function],
        "cidrv4": [Function],
        "cidrv6": [Function],
        "clone": [Function],
        "cuid": [Function],
        "cuid2": [Function],
        "date": [Function],
        "datetime": [Function],
        "decode": [Function],
        "decodeAsync": [Function],
        "def": {
          "type": "string",
        },
        "default": [Function],
        "describe": [Function],
        "duration": [Function],
        "e164": [Function],
        "email": [Function],
        "emoji": [Function],
        "encode": [Function],
        "encodeAsync": [Function],
        "endsWith": [Function],
        "format": null,
        "guid": [Function],
        "includes": [Function],
        "ipv4": [Function],
        "ipv6": [Function],
        "isNullable": [Function],
        "isOptional": [Function],
        "jwt": [Function],
        "ksuid": [Function],
        "length": [Function],
        "lowercase": [Function],
        "max": [Function],
        "maxLength": null,
        "meta": [Function],
        "min": [Function],
        "minLength": null,
        "nanoid": [Function],
        "nonempty": [Function],
        "nonoptional": [Function],
        "normalize": [Function],
        "nullable": [Function],
        "nullish": [Function],
        "optional": [Function],
        "or": [Function],
        "overwrite": [Function],
        "parse": [Function],
        "parseAsync": [Function],
        "pipe": [Function],
        "prefault": [Function],
        "readonly": [Function],
        "refine": [Function],
        "regex": [Function],
        "register": [Function],
        "safeDecode": [Function],
        "safeDecodeAsync": [Function],
        "safeEncode": [Function],
        "safeEncodeAsync": [Function],
        "safeParse": [Function],
        "safeParseAsync": [Function],
        "slugify": [Function],
        "spa": [Function],
        "startsWith": [Function],
        "superRefine": [Function],
        "time": [Function],
        "toJSONSchema": [Function],
        "toLowerCase": [Function],
        "toUpperCase": [Function],
        "transform": [Function],
        "trim": [Function],
        "type": "string",
        "ulid": [Function],
        "uppercase": [Function],
        "url": [Function],
        "uuid": [Function],
        "uuidv4": [Function],
        "uuidv6": [Function],
        "uuidv7": [Function],
        "xid": [Function],
        "~standard": {
          "jsonSchema": {
            "input": [Function],
            "output": [Function],
          },
          "validate": [Function],
          "vendor": "zod",
          "version": 1,
        },
      },
    },
  },
  [Function],
]
`;

exports[`componentSchemasTool, callback should parse parameters, default 1`] = `
{
  "content": [
    {
      "text": "{
  "$schema": "https://json-schema.org/draft/2020-12/schema",
  "type": "object",
  "title": "Button Props",
  "description": "Props for the Button component",
  "properties": {
    "variant": {
      "type": "string",
      "enum": [
        "primary",
        "secondary"
      ]
    },
    "size": {
      "type": "string",
      "enum": [
        "sm",
        "md",
        "lg"
      ]
    },
    "children": {
      "type": "string",
      "description": "Content rendered inside the button"
    }
  },
  "required": [
    "children"
  ],
  "additionalProperties": false
}",
      "type": "text",
    },
  ],
}
`;

exports[`componentSchemasTool, callback should parse parameters, with lower case componentName 1`] = `
{
  "content": [
    {
      "text": "{
  "$schema": "https://json-schema.org/draft/2020-12/schema",
  "type": "object",
  "title": "Button Props",
  "description": "Props for the Button component",
  "properties": {
    "variant": {
      "type": "string",
      "enum": [
        "primary",
        "secondary"
      ]
    },
    "size": {
      "type": "string",
      "enum": [
        "sm",
        "md",
        "lg"
      ]
    },
    "children": {
      "type": "string",
      "description": "Content rendered inside the button"
    }
  },
  "required": [
    "children"
  ],
  "additionalProperties": false
}",
      "type": "text",
    },
  ],
}
`;

exports[`componentSchemasTool, callback should parse parameters, with trimmed componentName 1`] = `
{
  "content": [
    {
      "text": "{
  "$schema": "https://json-schema.org/draft/2020-12/schema",
  "type": "object",
  "title": "Button Props",
  "description": "Props for the Button component",
  "properties": {
    "variant": {
      "type": "string",
      "enum": [
        "primary",
        "secondary"
      ]
    },
    "size": {
      "type": "string",
      "enum": [
        "sm",
        "md",
        "lg"
      ]
    },
    "children": {
      "type": "string",
      "description": "Content rendered inside the button"
    }
  },
  "required": [
    "children"
  ],
  "additionalProperties": false
}",
      "type": "text",
    },
  ],
}
`;

exports[`componentSchemasTool, callback should parse parameters, with upper case componentName 1`] = `
{
  "content": [
    {
      "text": "{
  "$schema": "https://json-schema.org/draft/2020-12/schema",
  "type": "object",
  "title": "Button Props",
  "description": "Props for the Button component",
  "properties": {
    "variant": {
      "type": "string",
      "enum": [
        "primary",
        "secondary"
      ]
    },
    "size": {
      "type": "string",
      "enum": [
        "sm",
        "md",
        "lg"
      ]
    },
    "children": {
      "type": "string",
      "description": "Content rendered inside the button"
    }
  },
  "required": [
    "children"
  ],
  "additionalProperties": false
}",
      "type": "text",
    },
  ],
}
`;
