// Jest Snapshot v1, https://jestjs.io/docs/snapshot-testing

exports[`Container, STDIO should expose expected tools and stable shape 1`] = `
{
  "toolNames": [
    "searchPatternFlyDocs",
    "usePatternFlyDocs",
  ],
}
`;

exports[`Container, STDIO should read the patternfly-context resource 1`] = `
{
  "mimeType": "text/markdown",
  "text": "PatternFly is an open-source design system for building consistent, accessible user interfaces.

**What is PatternFly?**
PatternFly provides React components, design guidelines, and development tools for creating enterprise applications. It is used by Red Hat and other organizations to build consistent UIs with reusable components and design principles.

**Key Features:**
- React component library with TypeScript support
- Design guidelines and accessibility standards
- JSON Schema validation for component props
- Comprehensive documentation, examples, and AI guidance

**PatternFly MCP Server:**
This MCP server provides tools and resources to access all PatternFly documentation resources ranging from design to development.
- **MCP tools:** Can be used to search, fetch and display available documentation resources.
- **MCP resources:** Can be used to list, filter, and read available documentation resources.

**Environment:**
- **MCP Server Mode:** test
- **MCP Server Version:** 2.0.1
- **Node.js Major Version:** 24
- **Active Experimental Features:** None

**Troubleshooting:**
- **Troubleshooting guidance:** https://github.com/patternfly/patternfly-mcp/blob/main/docs/usage.md#troubleshooting
- **Report bugs:** https://github.com/patternfly/patternfly-mcp/issues
",
  "uri": "patternfly://context",
}
`;
